exports[`<ThumbnailPlan /> should rendered correctly 1`] = `
<View
  accessibilityComponentType={undefined}
  accessibilityLabel={undefined}
  accessibilityTraits={undefined}
  accessible={true}
  hitSlop={undefined}
  onLayout={undefined}
  onResponderGrant={[Function bound touchableHandleResponderGrant]}
  onResponderMove={[Function bound touchableHandleResponderMove]}
  onResponderRelease={[Function bound touchableHandleResponderRelease]}
  onResponderTerminate={[Function bound touchableHandleResponderTerminate]}
  onResponderTerminationRequest={[Function bound touchableHandleResponderTerminationRequest]}
  onStartShouldSetResponder={[Function bound touchableHandleStartShouldSetResponder]}
  style={
    Array [
      Object {
        "backgroundColor": "transparent"
      },
      undefined
    ]
  }
  testID={undefined}>
  <Image
    source={1}
    style={
      Object {
        "backgroundColor": "transparent",
        "borderRadius": 10,
        "flex": 1,
        "flexDirection": "row",
        "flexWrap": "wrap",
        "height": 130,
        "width": 355
      }
    }>
    <Text
      accessible={true}
      allowFontScaling={true}
      lineBreakMode="tail"
      style={
        Object {
          "color": "white",
          "fontSize": 20,
          "height": 25,
          "marginLeft": 20,
          "marginTop": 15,
          "width": 175
        }
      }>
      test
    </Text>
    <Image
      source={1}
      style={
        Object {
          "borderColor": "white",
          "borderRadius": 25,
          "borderWidth": 1,
          "height": 50,
          "marginLeft": 90,
          "marginTop": 10,
          "width": 50
        }
      } />
    <Text
      accessible={true}
      allowFontScaling={true}
      lineBreakMode="tail"
      style={
        Object {
          "borderColor": "white",
          "borderWidth": 1,
          "color": "white",
          "fontSize": 13,
          "height": 20,
          "marginLeft": 20,
          "marginTop": -15,
          "padding": 3,
          "width": 50
        }
      }>
      two days one night
    </Text>
    <Text
      accessible={true}
      allowFontScaling={true}
      lineBreakMode="tail"
      style={
        Object {
          "color": "white",
          "fontSize": 13,
          "height": 20,
          "marginLeft": 10,
          "paddingLeft": 280,
          "width": 355
        }
      }>
      john
    </Text>
    <Text
      accessible={true}
      allowFontScaling={false}
      lineBreakMode="tail"
      style={
        Array [
          Object {
            "color": undefined,
            "fontFamily": "FontAwesome",
            "fontSize": 10,
            "fontStyle": "normal",
            "fontWeight": "normal"
          },
          Object {
            "color": "white",
            "marginLeft": 22,
            "marginTop": 30,
            "width": 10
          }
        ]
      }>
      
    </Text>
    <Text
      accessible={true}
      allowFontScaling={true}
      lineBreakMode="tail"
      style={
        Object {
          "color": "white",
          "fontSize": 11,
          "marginLeft": 5,
          "marginTop": 28
        }
      } />
    <Text
      accessible={true}
      allowFontScaling={false}
      lineBreakMode="tail"
      style={
        Array [
          Object {
            "color": undefined,
            "fontFamily": "FontAwesome",
            "fontSize": 12,
            "fontStyle": "normal",
            "fontWeight": "normal"
          },
          Object {
            "color": "white",
            "marginLeft": 10,
            "marginTop": 28,
            "width": 10
          }
        ]
      }>
      
    </Text>
    <Text
      accessible={true}
      allowFontScaling={true}
      lineBreakMode="tail"
      style={
        Object {
          "color": "white",
          "fontSize": 11,
          "marginLeft": 5,
          "marginTop": 28
        }
      }>
      7
    </Text>
    <Text
      accessible={true}
      allowFontScaling={false}
      lineBreakMode="tail"
      style={
        Array [
          Object {
            "color": undefined,
            "fontFamily": "FontAwesome",
            "fontSize": 12,
            "fontStyle": "normal",
            "fontWeight": "normal"
          },
          Object {
            "color": "white",
            "marginLeft": 10,
            "marginTop": 28,
            "width": 10
          }
        ]
      }>
      
    </Text>
    <Text
      accessible={true}
      allowFontScaling={true}
      lineBreakMode="tail"
      style={
        Object {
          "color": "white",
          "fontSize": 11,
          "marginLeft": 5,
          "marginTop": 28
        }
      }>
      8787
    </Text>
    <Text
      accessible={true}
      allowFontScaling={true}
      lineBreakMode="tail"
      style={
        Object {
          "color": "white",
          "fontSize": 25,
          "marginLeft": 120,
          "marginTop": 13
        }
      }>
      7878
    </Text>
    <Text
      accessible={true}
      allowFontScaling={true}
      lineBreakMode="tail"
      style={
        Object {
          "color": "white",
          "fontSize": 15,
          "marginTop": 21
        }
      }>
      TW
    </Text>
  </Image>
</View>
`;
